[www.cymolthemes.com/html/Ibitees/index.html]
[backblue.gif]
[fade.gif]
[index.html]
[www.cymolthemes.com/html/Ibitees/âhttps_/www.cymolthemes.com/html/Ibitees/â]
[www.cymolthemes.com/html/Ibitees/images/favicon.png]
[www.cymolthemes.com/html/Ibitees/images/logo-img.png]
[www.cymolthemes.com/html/Ibitees/home-2.html]
[www.cymolthemes.com/html/Ibitees/home-3.html]
[www.cymolthemes.com/html/Ibitees/index.html]
[www.cymolthemes.com/html/Ibitees/header-style-03.html]
[www.cymolthemes.com/html/Ibitees/about-us.html]
[www.cymolthemes.com/html/Ibitees/about-us-2.html]
[www.cymolthemes.com/html/Ibitees/services-1.html]
[www.cymolthemes.com/html/Ibitees/services-2.html]
[www.cymolthemes.com/html/Ibitees/team.html]
[www.cymolthemes.com/html/Ibitees/team-details.html]
[www.cymolthemes.com/html/Ibitees/contact-us-1.html]
[www.cymolthemes.com/html/Ibitees/contact-us-2.html]
[www.cymolthemes.com/html/Ibitees/faq.html]
[www.cymolthemes.com/html/Ibitees/error.html]
[www.cymolthemes.com/html/Ibitees/ielts.html]
[www.cymolthemes.com/html/Ibitees/toefl.html]
[www.cymolthemes.com/html/Ibitees/gre.html]
[www.cymolthemes.com/html/Ibitees/gmat.html]
[www.cymolthemes.com/html/Ibitees/sat.html]
[www.cymolthemes.com/html/Ibitees/pte.html]
[www.cymolthemes.com/html/Ibitees/business-visa.html]
[www.cymolthemes.com/html/Ibitees/diplomatic-Offical-visa.html]
[www.cymolthemes.com/html/Ibitees/family-visa.html]
[www.cymolthemes.com/html/Ibitees/student-visa.html]
[www.cymolthemes.com/html/Ibitees/temporary-Work-visa.html]
[www.cymolthemes.com/html/Ibitees/visitor-visa.html]
[www.cymolthemes.com/html/Ibitees/canada.html]
[www.cymolthemes.com/html/Ibitees/uk.html]
[www.cymolthemes.com/html/Ibitees/usa.html]
[www.cymolthemes.com/html/Ibitees/aus.html]
[www.cymolthemes.com/html/Ibitees/nz.html]
[www.cymolthemes.com/html/Ibitees/ger.html]
[www.cymolthemes.com/html/Ibitees/blog.html]
[www.cymolthemes.com/html/Ibitees/blog-grid.html]
[www.cymolthemes.com/html/Ibitees/blog-single.html]
[www.cymolthemes.com/html/Ibitees/images/slides/slider-mainbg-003.jpg]
[www.cymolthemes.com/html/Ibitees/images/slides/slider-mainbg-004.jpg]
[www.cymolthemes.com/html/Ibitees/images/single-img-05.jpg]
[www.cymolthemes.com/html/Ibitees/images/single-img-06.jpg]
[www.cymolthemes.com/html/Ibitees/images/single-img-07.jpg]
[www.cymolthemes.com/html/Ibitees/images/country/country-01.jpg]
[www.cymolthemes.com/html/Ibitees/images/country/country-01_icon_img.jpg]
[www.cymolthemes.com/html/Ibitees/images/country/country-02.jpg]
[www.cymolthemes.com/html/Ibitees/images/country/country-02_icon_img.jpg]
[www.cymolthemes.com/html/Ibitees/images/country/country-03.jpg]
[www.cymolthemes.com/html/Ibitees/images/country/country-03_icon_img.jpg]
[www.cymolthemes.com/html/Ibitees/images/country/country-04.jpg]
[www.cymolthemes.com/html/Ibitees/images/country/country-04_icon_img.jpg]
[www.cymolthemes.com/html/Ibitees/images/country/country-05.jpg]
[www.cymolthemes.com/html/Ibitees/images/country/country-05_icon_img.jpg]
[www.cymolthemes.com/html/Ibitees/images/anim_img_02.png]
[www.cymolthemes.com/html/Ibitees/images/testimonial/01.jpg]
[www.cymolthemes.com/html/Ibitees/images/testimonial/02.jpg]
[www.cymolthemes.com/html/Ibitees/images/testimonial/03.jpg]
[www.cymolthemes.com/html/Ibitees/images/anim_img_01.png]
[www.cymolthemes.com/html/Ibitees/images/blog/blog-one-720X620.jpg]
[www.cymolthemes.com/html/Ibitees/images/blog/b_thumbb-01.jpg]
[www.cymolthemes.com/html/Ibitees/images/blog/blog-two-720X620.jpg]
[www.cymolthemes.com/html/Ibitees/images/blog/b_thumbb-02.jpg]
[www.cymolthemes.com/html/Ibitees/images/blog/blog-three-720X620.jpg]
[www.cymolthemes.com/html/Ibitees/images/blog/b_thumbb-03.jpg]
[www.cymolthemes.com/html/Ibitees/images/blog/blog-four-720X620.jpg]
[www.cymolthemes.com/html/Ibitees/images/blog/b_thumbb-04.jpg]
[www.cymolthemes.com/html/Ibitees/images/blog/blog-five-720X620.jpg]
[www.cymolthemes.com/html/Ibitees/images/blog/b_thumbb-05.jpg]
[www.cymolthemes.com/html/Ibitees/images/blog/blog-six-720X620.jpg]
[www.cymolthemes.com/html/Ibitees/images/blog/b_thumbb-06.jpg]
[www.cymolthemes.com/html/Ibitees/images/footer_map.png]
[www.cymolthemes.com/html/Ibitees/js/jquery.min.js]
[www.cymolthemes.com/html/Ibitees/js/tether.min.js]
[www.cymolthemes.com/html/Ibitees/js/bootstrap.min.js]
[www.cymolthemes.com/html/Ibitees/js/jquery.easing.js]
[www.cymolthemes.com/html/Ibitees/js/jquery-waypoints.js]
[www.cymolthemes.com/html/Ibitees/js/jquery-validate.js]
[www.cymolthemes.com/html/Ibitees/js/jquery.prettyPhoto.js]
[www.cymolthemes.com/html/Ibitees/js/slick.min.js]
[www.cymolthemes.com/html/Ibitees/js/numinate.min.js]
[www.cymolthemes.com/html/Ibitees/js/imagesloaded.min.js]
[www.cymolthemes.com/html/Ibitees/js/jquery-isotope.js]
[www.cymolthemes.com/html/Ibitees/js/main.js]
[www.cymolthemes.com/html/Ibitees/revolution/js/slider.js]
[www.cymolthemes.com/html/Ibitees/revolution/js/revolution.tools.min.js]
[www.cymolthemes.com/html/Ibitees/revolution/js/rs6.min.js]
[www.cymolthemes.com/html/Ibitees/index.html]
[www.cymolthemes.com/html/Ibitees/âhttps_/www.cymolthemes.com/html/Ibitees/â.html]
[www.cymolthemes.com/html/Ibitees/css/bootstrap.min.css]
[www.cymolthemes.com/html/Ibitees/css/animate.css]
[www.cymolthemes.com/html/Ibitees/fonts/fontawesome-webfont3e6e.eot]
[www.cymolthemes.com/html/Ibitees/fonts/fontawesome-webfontd41d.eot]
[www.cymolthemes.com/html/Ibitees/fonts/fontawesome-webfont3e6e.woff2]
[www.cymolthemes.com/html/Ibitees/fonts/fontawesome-webfont3e6e.woff]
[www.cymolthemes.com/html/Ibitees/fonts/fontawesome-webfont3e6e.ttf]
[www.cymolthemes.com/html/Ibitees/css/font-awesome.css]
[www.cymolthemes.com/html/Ibitees/fonts/themify9f24.eot]
[www.cymolthemes.com/html/Ibitees/fonts/themifyd41d.eot]
[www.cymolthemes.com/html/Ibitees/fonts/themify9f24.woff]
[www.cymolthemes.com/html/Ibitees/fonts/themify9f24.ttf]
[www.cymolthemes.com/html/Ibitees/css/themify-icons.css]
[www.cymolthemes.com/html/Ibitees/fonts/Flaticon.eot]
[www.cymolthemes.com/html/Ibitees/fonts/Flaticond41d.eot]
[www.cymolthemes.com/html/Ibitees/fonts/Flaticon.woff2]
[www.cymolthemes.com/html/Ibitees/fonts/Flaticon.woff]
[www.cymolthemes.com/html/Ibitees/fonts/Flaticon.ttf]
[www.cymolthemes.com/html/Ibitees/css/flaticon.css]
[www.cymolthemes.com/html/Ibitees/css/slick.css]
[www.cymolthemes.com/html/Ibitees/revolution/fonts/revicons/revicons90c6.eot]
[www.cymolthemes.com/html/Ibitees/revolution/fonts/revicons/revicons90c6.woff]
[www.cymolthemes.com/html/Ibitees/revolution/fonts/revicons/revicons90c6.ttf]
[www.cymolthemes.com/html/Ibitees/revolution/css/openhand.cur]
[www.cymolthemes.com/html/Ibitees/revolution/css/closedhand.cur]
[www.cymolthemes.com/html/Ibitees/revolution/assets/gridtile.png]
[www.cymolthemes.com/html/Ibitees/revolution/assets/gridtile_white.png]
[www.cymolthemes.com/html/Ibitees/revolution/assets/gridtile_3x3.png]
[www.cymolthemes.com/html/Ibitees/revolution/assets/gridtile_3x3_white.png]
[www.cymolthemes.com/html/Ibitees/revolution/assets/coloredbg.png]
[www.cymolthemes.com/html/Ibitees/revolution/assets/loader.gif]
[www.cymolthemes.com/html/Ibitees/revolution/css/rs6.css]
[www.cymolthemes.com/html/Ibitees/images/prettyPhoto/default/sprite.png]
[www.cymolthemes.com/html/Ibitees/images/prettyPhoto/default/sprite_x.png]
[www.cymolthemes.com/html/Ibitees/images/prettyPhoto/default/sprite_y.png]
[www.cymolthemes.com/html/Ibitees/images/prettyPhoto/default/sprite_next.png]
[www.cymolthemes.com/html/Ibitees/images/prettyPhoto/default/sprite_prev.png]
[www.cymolthemes.com/html/Ibitees/images/prettyPhoto/default/default_thumb.png]
[www.cymolthemes.com/html/Ibitees/images/prettyPhoto/default/loader.gif]
[www.cymolthemes.com/html/Ibitees/images/prettyPhoto/light_rounded/sprite.png]
[www.cymolthemes.com/html/Ibitees/images/prettyPhoto/light_rounded/btnNext.png]
[www.cymolthemes.com/html/Ibitees/images/prettyPhoto/light_rounded/btnPrevious.png]
[www.cymolthemes.com/html/Ibitees/images/prettyPhoto/dark_rounded/sprite.png]
[www.cymolthemes.com/html/Ibitees/images/prettyPhoto/dark_rounded/contentPattern.png]
[www.cymolthemes.com/html/Ibitees/images/prettyPhoto/dark_rounded/btnNext.png]
[www.cymolthemes.com/html/Ibitees/images/prettyPhoto/dark_rounded/btnPrevious.png]
[www.cymolthemes.com/html/Ibitees/images/prettyPhoto/dark_rounded/loader.gif]
[www.cymolthemes.com/html/Ibitees/images/prettyPhoto/dark_square/loader.gif]
[www.cymolthemes.com/html/Ibitees/images/prettyPhoto/dark_square/sprite.png]
[www.cymolthemes.com/html/Ibitees/images/prettyPhoto/dark_square/btnNext.png]
[www.cymolthemes.com/html/Ibitees/images/prettyPhoto/dark_square/btnPrevious.png]
[www.cymolthemes.com/html/Ibitees/images/prettyPhoto/light_square/sprite.png]
[www.cymolthemes.com/html/Ibitees/images/prettyPhoto/light_square/btnNext.png]
[www.cymolthemes.com/html/Ibitees/images/prettyPhoto/light_square/btnPrevious.png]
[www.cymolthemes.com/html/Ibitees/images/prettyPhoto/facebook/sprite.png]
[www.cymolthemes.com/html/Ibitees/images/prettyPhoto/facebook/contentPatternTop.png]
[www.cymolthemes.com/html/Ibitees/images/prettyPhoto/facebook/contentPatternLeft.png]
[www.cymolthemes.com/html/Ibitees/images/prettyPhoto/facebook/contentPatternRight.png]
[www.cymolthemes.com/html/Ibitees/images/prettyPhoto/facebook/loader.gif]
[www.cymolthemes.com/html/Ibitees/images/prettyPhoto/facebook/btnNext.png]
[www.cymolthemes.com/html/Ibitees/images/prettyPhoto/facebook/btnPrevious.png]
[www.cymolthemes.com/html/Ibitees/images/prettyPhoto/facebook/contentPatternBottom.png]
[www.cymolthemes.com/html/Ibitees/images/prettyPhoto/facebook/default_thumbnail.gif]
[www.cymolthemes.com/html/Ibitees/images/prettyPhoto/light_rounded/loader.gif]
[www.cymolthemes.com/html/Ibitees/css/prettyPhoto.css]
[www.cymolthemes.com/html/Ibitees/images/bg-image/row-bgimage-1.png]
[www.cymolthemes.com/html/Ibitees/images/bg-image/row-bgimage-2.png]
[www.cymolthemes.com/html/Ibitees/images/bg-image/row-bgimage-3.jpg]
[www.cymolthemes.com/html/Ibitees/images/bg-image/row-section-bgpattern1.png]
[www.cymolthemes.com/html/Ibitees/images/bg-image/row-bgimage-5.jpg]
[www.cymolthemes.com/html/Ibitees/images/bg-image/row-bgimage-6.png]
[www.cymolthemes.com/html/Ibitees/images/bg-image/row-bgimage-7.png]
[www.cymolthemes.com/html/Ibitees/images/bg-image/row-bgimage-8.png]
[www.cymolthemes.com/html/Ibitees/images/bg-image/col-bgimage-1.png]
[www.cymolthemes.com/html/Ibitees/images/bg-image/col-bgimage-2.png]
[www.cymolthemes.com/html/Ibitees/images/bg-image/col-bgimage-3.jpg]
[www.cymolthemes.com/html/Ibitees/images/bg-image/col-bgimage-4.jpg]
[www.cymolthemes.com/html/Ibitees/images/bg-image/col-bgimage-5.jpg]
[www.cymolthemes.com/html/Ibitees/images/bg-image/col-bgimage-6.png]
[www.cymolthemes.com/html/Ibitees/css/shortcodes.css]
[www.cymolthemes.com/html/Ibitees/images/preloader-1.gif]
[www.cymolthemes.com/html/Ibitees/images/footer-bg.png]
[www.cymolthemes.com/html/Ibitees/images/pagetitle-bg.jpg]
[www.cymolthemes.com/html/Ibitees/css/main.css]
[www.cymolthemes.com/html/Ibitees/css/megamenu.css]
[www.cymolthemes.com/html/Ibitees/css/responsive.css]
[www.cymolthemes.com/html/Ibitees/âhttps_/www.cymolthemes.com/html/Ibitees/home-2.htmlâ]
[www.cymolthemes.com/html/Ibitees/images/slides/slider-mainbg-005.jpg]
[www.cymolthemes.com/html/Ibitees/images/slides/slider-mainbg-006.jpg]
[www.cymolthemes.com/html/Ibitees/images/author-sign.png]
[www.cymolthemes.com/html/Ibitees/images/services/services-06.jpg]
[www.cymolthemes.com/html/Ibitees/images/services/services-05.jpg]
[www.cymolthemes.com/html/Ibitees/images/team-member/team-img01.jpg]
[www.cymolthemes.com/html/Ibitees/images/team-member/team-img02.jpg]
[www.cymolthemes.com/html/Ibitees/images/team-member/team-img03.jpg]
[www.cymolthemes.com/html/Ibitees/images/team-member/team-img05.jpg]
[www.cymolthemes.com/html/Ibitees/images/client/client-01.png]
[www.cymolthemes.com/html/Ibitees/images/client/client-02.png]
[www.cymolthemes.com/html/Ibitees/images/client/client-03.png]
[www.cymolthemes.com/html/Ibitees/images/client/client-04.png]
[www.cymolthemes.com/html/Ibitees/images/client/client-05.png]
[www.cymolthemes.com/html/Ibitees/home-2.html]
[www.cymolthemes.com/html/Ibitees/âhttps_/www.cymolthemes.com/html/Ibitees/home-3.htmlâ]
[www.cymolthemes.com/html/Ibitees/images/slides/slider-mainbg-001.jpg]
[www.cymolthemes.com/html/Ibitees/images/slides/slider-mainbg-002.jpg]
[www.cymolthemes.com/html/Ibitees/images/single-img-01.jpg]
[www.cymolthemes.com/html/Ibitees/images/single-img-02.jpg]
[www.cymolthemes.com/html/Ibitees/images/single-img-03.jpg]
[www.cymolthemes.com/html/Ibitees/images/testimonial/nav-01.jpg]
[www.cymolthemes.com/html/Ibitees/images/testimonial/nav-02.jpg]
[www.cymolthemes.com/html/Ibitees/images/testimonial/nav-03.jpg]
[www.cymolthemes.com/html/Ibitees/images/testimonial/nav-04.jpg]
[www.cymolthemes.com/html/Ibitees/images/testimonial/04.jpg]
[www.cymolthemes.com/html/Ibitees/images/single-img-04.jpg]
[www.cymolthemes.com/html/Ibitees/images/blog/blog-one-760x580.jpg]
[www.cymolthemes.com/html/Ibitees/images/blog/blog-two-760x580.jpg]
[www.cymolthemes.com/html/Ibitees/images/blog/blog-three-760x580.jpg]
[www.cymolthemes.com/html/Ibitees/images/blog/blog-four-760x580.jpg]
[www.cymolthemes.com/html/Ibitees/images/blog/blog-five-760x580.jpg]
[www.cymolthemes.com/html/Ibitees/home-3.html]
[www.cymolthemes.com/html/Ibitees/âhttps_/www.cymolthemes.com/html/Ibitees/index.htmlâ]
[www.cymolthemes.com/html/Ibitees/images/white_logo-img.png]
[www.cymolthemes.com/html/Ibitees/index.html]
[www.cymolthemes.com/html/Ibitees/âhttps_/www.cymolthemes.com/html/Ibitees/header-style-03.htmlâ]
[www.cymolthemes.com/html/Ibitees/header-style-03.html]
[www.cymolthemes.com/html/Ibitees/images/single-img-08.jpg]
[www.cymolthemes.com/html/Ibitees/about-us.html]
[www.cymolthemes.com/html/Ibitees/images/single-img-09.jpg]
[www.cymolthemes.com/html/Ibitees/images/single-img-10.jpg]
[www.cymolthemes.com/html/Ibitees/about-us-2.html]
[www.cymolthemes.com/html/Ibitees/images/services/services-01-370x290.jpg]
[www.cymolthemes.com/html/Ibitees/images/services/services-02-370x290.jpg]
[www.cymolthemes.com/html/Ibitees/images/services/services-03-370x290.jpg]
[www.cymolthemes.com/html/Ibitees/images/services/services-04-370x290.jpg]
[www.cymolthemes.com/html/Ibitees/images/single-img-11.jpg]
[www.cymolthemes.com/html/Ibitees/services-1.html]
[www.cymolthemes.com/html/Ibitees/services-2.html]
[www.cymolthemes.com/html/Ibitees/images/team-member/team-img06.jpg]
[www.cymolthemes.com/html/Ibitees/team.html]
[www.cymolthemes.com/html/Ibitees/team-details.html]
[www.cymolthemes.com/html/Ibitees/js/map.js]
[www.cymolthemes.com/html/Ibitees/contact-us-1.html]
[www.cymolthemes.com/html/Ibitees/contact-us-2.html]
[www.cymolthemes.com/html/Ibitees/faq.html]
[www.cymolthemes.com/html/Ibitees/error.html]
[www.cymolthemes.com/html/Ibitees/images/single-img-12.jpg]
[www.cymolthemes.com/html/Ibitees/images/services/services-details_01.jpg]
[www.cymolthemes.com/html/Ibitees/images/services/services-details_04.jpg]
[www.cymolthemes.com/html/Ibitees/ielts.html]
[www.cymolthemes.com/html/Ibitees/toefl.html]
[www.cymolthemes.com/html/Ibitees/gre.html]
[www.cymolthemes.com/html/Ibitees/gmat.html]
[www.cymolthemes.com/html/Ibitees/sat.html]
[www.cymolthemes.com/html/Ibitees/pte.html]
[www.cymolthemes.com/html/Ibitees/business-visa.html]
[www.cymolthemes.com/html/Ibitees/images/services/services-details_02.jpg]
[www.cymolthemes.com/html/Ibitees/diplomatic-Offical-visa.html]
[www.cymolthemes.com/html/Ibitees/images/services/services-details_03.jpg]
[www.cymolthemes.com/html/Ibitees/family-visa.html]
[www.cymolthemes.com/html/Ibitees/student-visa.html]
[www.cymolthemes.com/html/Ibitees/images/services/services-details_05.jpg]
[www.cymolthemes.com/html/Ibitees/temporary-Work-visa.html]
[www.cymolthemes.com/html/Ibitees/images/services/services-details_06.jpg]
[www.cymolthemes.com/html/Ibitees/visitor-visa.html]
[www.cymolthemes.com/html/Ibitees/images/country/country-details_03.jpg]
[www.cymolthemes.com/html/Ibitees/images/single-img-14.jpg]
[www.cymolthemes.com/html/Ibitees/canada.html]
[www.cymolthemes.com/html/Ibitees/images/country/country-details_04.jpg]
[www.cymolthemes.com/html/Ibitees/uk.html]
[www.cymolthemes.com/html/Ibitees/images/country/country-details_01.jpg]
[www.cymolthemes.com/html/Ibitees/usa.html]
[www.cymolthemes.com/html/Ibitees/images/country/country-details_02.jpg]
[www.cymolthemes.com/html/Ibitees/aus.html]
[www.cymolthemes.com/html/Ibitees/images/country/country-details_05.jpg]
[www.cymolthemes.com/html/Ibitees/nz.html]
[www.cymolthemes.com/html/Ibitees/images/country/country-details_06.jpg]
[www.cymolthemes.com/html/Ibitees/ger.html]
[www.cymolthemes.com/html/Ibitees/mega-menu-link.ed.delayed]
[www.cymolthemes.com/html/Ibitees/images/blog/blog-details_01.jpg]
[www.cymolthemes.com/html/Ibitees/images/blog/blog-details_02.jpg]
[www.cymolthemes.com/html/Ibitees/images/blog/blog-details_03.jpg]
[www.cymolthemes.com/html/Ibitees/blog.html]
[www.cymolthemes.com/html/Ibitees/blog-grid.html]
[www.cymolthemes.com/html/Ibitees/blog-grid-2.html]
[www.cymolthemes.com/html/Ibitees/images/blog/blog-details_06.jpg]
[www.cymolthemes.com/html/Ibitees/images/single-img-13.jpg]
[www.cymolthemes.com/html/Ibitees/blog-single.html]
[www.cymolthemes.com/html/Ibitees/fonts/fontawesome-webfont3e6e.svg]
[www.cymolthemes.com/html/Ibitees/fonts/themify9f24.svg]
[www.cymolthemes.com/html/Ibitees/fonts/Flaticon.svg]
[www.cymolthemes.com/html/Ibitees/revolution/fonts/revicons/revicons90c6.svg]
[www.cymolthemes.com/html/Ibitees/revolution/css/openhand.html]
[www.cymolthemes.com/html/Ibitees/revolution/css/closedhand.html]
[www.cymolthemes.com/html/Ibitees/revolution/assets/gridtile.html]
[www.cymolthemes.com/html/Ibitees/revolution/assets/gridtile_white.html]
[www.cymolthemes.com/html/Ibitees/revolution/assets/gridtile_3x3.html]
[www.cymolthemes.com/html/Ibitees/revolution/assets/gridtile_3x3_white.html]
[www.cymolthemes.com/html/Ibitees/revolution/assets/coloredbg.html]
[www.cymolthemes.com/html/Ibitees/images/prettyPhoto/default/sprite.html]
[www.cymolthemes.com/html/Ibitees/images/prettyPhoto/default/sprite_x.html]
[www.cymolthemes.com/html/Ibitees/images/prettyPhoto/default/sprite_y.html]
[www.cymolthemes.com/html/Ibitees/images/prettyPhoto/default/sprite_next.html]
[www.cymolthemes.com/html/Ibitees/images/prettyPhoto/default/sprite_prev.html]
[www.cymolthemes.com/html/Ibitees/images/prettyPhoto/default/default_thumb.html]
[www.cymolthemes.com/html/Ibitees/images/prettyPhoto/default/loader.html]
[www.cymolthemes.com/html/Ibitees/images/prettyPhoto/light_rounded/sprite.html]
[www.cymolthemes.com/html/Ibitees/images/prettyPhoto/light_rounded/btnNext.html]
[www.cymolthemes.com/html/Ibitees/images/prettyPhoto/light_rounded/btnPrevious.html]
[www.cymolthemes.com/html/Ibitees/images/prettyPhoto/dark_rounded/sprite.html]
[www.cymolthemes.com/html/Ibitees/images/prettyPhoto/dark_rounded/contentPattern.html]
[www.cymolthemes.com/html/Ibitees/images/prettyPhoto/dark_rounded/btnNext.html]
[www.cymolthemes.com/html/Ibitees/images/prettyPhoto/dark_rounded/btnPrevious.html]
[www.cymolthemes.com/html/Ibitees/images/prettyPhoto/dark_rounded/loader.html]
[www.cymolthemes.com/html/Ibitees/images/prettyPhoto/dark_square/loader.html]
[www.cymolthemes.com/html/Ibitees/images/prettyPhoto/dark_square/sprite.html]
[www.cymolthemes.com/html/Ibitees/images/prettyPhoto/dark_square/btnNext.html]
[www.cymolthemes.com/html/Ibitees/images/prettyPhoto/dark_square/btnPrevious.html]
[www.cymolthemes.com/html/Ibitees/images/prettyPhoto/facebook/sprite.html]
[www.cymolthemes.com/html/Ibitees/images/prettyPhoto/facebook/contentPatternTop.html]
[www.cymolthemes.com/html/Ibitees/images/prettyPhoto/facebook/contentPatternLeft.html]
[www.cymolthemes.com/html/Ibitees/images/prettyPhoto/facebook/contentPatternRight.html]
[www.cymolthemes.com/html/Ibitees/images/prettyPhoto/facebook/loader.html]
[www.cymolthemes.com/html/Ibitees/images/prettyPhoto/facebook/btnNext.html]
[www.cymolthemes.com/html/Ibitees/images/prettyPhoto/facebook/btnPrevious.html]
[www.cymolthemes.com/html/Ibitees/images/prettyPhoto/facebook/contentPatternBottom.html]
[www.cymolthemes.com/html/Ibitees/images/prettyPhoto/facebook/default_thumbnail.html]
[www.cymolthemes.com/html/Ibitees/images/prettyPhoto/light_rounded/loader.html]
[www.cymolthemes.com/html/Ibitees/images/preloader-1.html]
[www.cymolthemes.com/html/Ibitees/âhttps_/www.cymolthemes.com/html/Ibitees/home-2.html]
[www.cymolthemes.com/html/Ibitees/âhttps_/www.cymolthemes.com/html/Ibitees/home-3.html]
[www.cymolthemes.com/html/Ibitees/âhttps_/www.cymolthemes.com/html/Ibitees/index.html]
[www.cymolthemes.com/html/Ibitees/âhttps_/www.cymolthemes.com/html/Ibitees/header-style-03.html]
[www.cymolthemes.com/html/Ibitees/mega-menu-link.html]
[www.cymolthemes.com/html/Ibitees/blog-grid-2.html]
[www.cymolthemes.com/html/Ibitees/images/team-member/team-img04.jpg]
